[Socket] Unauthenticated connection: 7kM3xqiYSkf-KKETAAAB
[Socket] Unauthenticated user attempted to join room 1
[AI Service] Handler error: column p.gross_salary does not exist
[AI Service] Handler error: column p.gross_salary does not exist
Auth error: jwt expired
[Socket] Unauthenticated connection: N4AaUj6D0ovvcVvnAAAD
[Socket] Unauthenticated user attempted to join room 26
[Socket] Unauthenticated connection: -MxXOHJV2i1L57HTAAAF
[Socket] Unauthenticated user attempted to join room 1
[AI Service] Handler error: column p.gross_salary does not exist
[Socket] Unauthenticated connection: gZHFWM6WLkP9-0N3AAAI
[Socket] Unauthenticated user attempted to join room 1
[AI Service] Handler error: column p.gross_salary does not exist
[AI Service] Handler error: column p.gross_salary does not exist
Auth error: jwt expired
Auth error: jwt expired
Auth error: jwt expired
[Socket] Unauthenticated connection: e9FFYeJpJTphDBk1AAAL
Auth error: jwt expired
Auth error: jwt expired
Auth error: jwt expired
Auth error: jwt expired
Auth error: jwt expired
Auth error: jwt expired
Auth error: jwt expired
[Socket] Unauthenticated user attempted to join room 1
[AI Service] Handler error: column p.gross_salary does not exist
[AI Service] Handler error: column p.gross_salary does not exist
[AI Service] Handler error: column p.gross_salary does not exist
[AI Service] Handler error: column p.gross_salary does not exist
